This file contains any messages produced by compilers while
running configure, to aid debugging if configure makes a mistake.

It was created by icon configure 2024.01-1, which was
generated by GNU Autoconf 2.69.  Invocation command line was

  $ /home/modelos/WORKDISK/icon_install/icon/configure BUILD_ENV= CC=mpicc CXX=mpic++ CFLAGS=-std=gnu99 CPPFLAGS=-I/home/modelos/MODELS/GNU//include -I/home/modelos/MODELS/GNU//include -I/home/modelos/MODELS/GNU//include -I/home/modelos/MODELS/GNU//include -I/home/modelos/MODELS/GNU//include FC=mpif90 FCFLAGS=-I/home/modelos/MODELS/GNU//include -I/home/modelos/MODELS/GNU//include -I/home/modelos/MODELS/GNU//include -cpp -std=gnu -fimplicit-none -fmax-identifier-length=63 -fmax-errors=25 -Wall -Wcharacter-truncation -Wconversion -Wunderflow -Wunused-parameter -Wno-surprising -fall-intrinsics -ffree-line-length-132 ICON_BUNDLED_CFLAGS=-O2 ICON_CFLAGS=-O2 ICON_FCFLAGS=-fno-range-check -fopenmp -g -fbacktrace -fcheck=all -ffpe-trap=invalid,zero,overflow -fstack-protector-all -finit-real=nan -finit-integer=-2147483648 -finit-character=127 -O2 ICON_OCEAN_FCFLAGS=-fno-range-check -fopenmp -g -fbacktrace -fcheck=all -ffpe-trap=invalid,zero,overflow -fstack-protector-all -finit-real=nan -finit-integer=-2147483648 -finit-character=127 -O2 LDFLAGS=-L/home/modelos/MODELS/GNU//lib64 -L/home/modelos/MODELS/GNU//lib -g -fbacktrace LIBS=/home/modelos/MODELS/GNU//lib64 -lxml2 -llapack -lblas -L/home/modelos/MODELS/GNU//lib -lnetcdff -lnetcdf -L/home/modelos/MODELS/GNU//lib -lhdf5_hl -lhdf5 -lhdf5hl_fortran -lhdf5_fortran -L/home/modelos/MODELS/GNU//lib -lgrib_api_f90 -lgrib_api -laec -lz -L/home/modelos/MODELS/GNU//lib -lrttov13 MPI_LAUNCH=mpiexec --enable-grib2 --enable-openmp --disable-ocean --disable-jsbach --disable-coupling --disable-rttov --disable-aes --disable-art --disable-rte-rrtmgp --enable-emvorado --enable-dace --disable-loop-exchange --disable-dace --disable-emvorado

## --------- ##
## Platform. ##
## --------- ##

hostname = pacifico
uname -m = x86_64
uname -r = 5.14.0-570.37.1.el9_6.x86_64
uname -s = Linux
uname -v = #1 SMP PREEMPT_DYNAMIC Thu Aug 28 10:41:06 UTC 2025

/usr/bin/uname -p = x86_64
/bin/uname -X     = unknown

/bin/arch              = x86_64
/usr/bin/arch -k       = unknown
/usr/convex/getsysinfo = unknown
/usr/bin/hostinfo      = unknown
/bin/machine           = unknown
/usr/bin/oslevel       = unknown
/bin/universe          = unknown

PATH: /home/modelos/fakebin
PATH: /home/modelos/MODELS/GNU/bin/
PATH: /home/modelos/.local/bin
PATH: /home/modelos/bin
PATH: /usr/local/bin
PATH: /usr/bin
PATH: /usr/local/sbin
PATH: /usr/sbin


## ----------- ##
## Core tests. ##
## ----------- ##

configure:3877: checking build system type
configure:3891: result: x86_64-pc-linux-gnu
configure:3911: checking host system type
configure:3924: result: x86_64-pc-linux-gnu
configure:3944: checking for the fully qualified domain name of the host
configure:3959: result: pacifico
configure:4089: checking for Fortran compiler version
configure:4098: mpif90 --version >&5
GNU Fortran (GCC) 11.5.0 20240719 (Red Hat 11.5.0-5)
Copyright (C) 2021 Free Software Foundation, Inc.
This is free software; see the source for copying conditions.  There is NO
warranty; not even for MERCHANTABILITY or FITNESS FOR A PARTICULAR PURPOSE.

configure:4109: $? = 0
configure:4098: mpif90 -v >&5
mpifort for MPICH version 4.2.1
Using built-in specs.
COLLECT_GCC=gfortran
COLLECT_LTO_WRAPPER=/usr/libexec/gcc/x86_64-redhat-linux/11/lto-wrapper
OFFLOAD_TARGET_NAMES=nvptx-none
OFFLOAD_TARGET_DEFAULT=1
Target: x86_64-redhat-linux
Configured with: ../configure --enable-bootstrap --enable-host-pie --enable-host-bind-now --enable-languages=c,c++,fortran,lto --prefix=/usr --mandir=/usr/share/man --infodir=/usr/share/info --with-bugurl=https://bugs.rockylinux.org/ --enable-shared --enable-threads=posix --enable-checking=release --with-system-zlib --enable-__cxa_atexit --disable-libunwind-exceptions --enable-gnu-unique-object --enable-linker-build-id --with-gcc-major-version-only --enable-plugin --enable-initfini-array --without-isl --enable-multilib --with-linker-hash-style=gnu --enable-offload-targets=nvptx-none --without-cuda-driver --enable-gnu-indirect-function --enable-cet --with-tune=generic --with-arch_64=x86-64-v2 --with-arch_32=x86-64 --build=x86_64-redhat-linux --with-build-config=bootstrap-lto --enable-link-serialization=1
Thread model: posix
Supported LTO compression algorithms: zlib zstd
gcc version 11.5.0 20240719 (Red Hat 11.5.0-5) (GCC) 
... rest of stderr output deleted ...
configure:4109: $? = 0
configure:4098: mpif90 -V >&5
Fake mpif90 version for ICON
configure:4109: $? = 0
configure:4098: mpif90 -qversion >&5
gfortran: error: unrecognized command-line option '-qversion'; did you mean '--version'?
configure:4109: $? = 1
configure:4124: checking whether the Fortran compiler works
configure:4146: mpif90 -I/home/modelos/MODELS/GNU//include -I/home/modelos/MODELS/GNU//include -I/home/modelos/MODELS/GNU//include -cpp -std=gnu -fimplicit-none -fmax-identifier-length=63 -fmax-errors=25 -Wall -Wcharacter-truncation -Wconversion -Wunderflow -Wunused-parameter -Wno-surprising -fall-intrinsics -ffree-line-length-132 -fno-range-check -fopenmp -g -fbacktrace -fcheck=all -ffpe-trap=invalid,zero,overflow -fstack-protector-all -finit-real=nan -finit-integer=-2147483648 -finit-character=127 -O2 -L/home/modelos/MODELS/GNU//lib64 -L/home/modelos/MODELS/GNU//lib -g -fbacktrace  conftest.f /home/modelos/MODELS/GNU//lib64 -lxml2 -llapack -lblas -L/home/modelos/MODELS/GNU//lib -lnetcdff -lnetcdf -L/home/modelos/MODELS/GNU//lib -lhdf5_hl -lhdf5 -lhdf5hl_fortran -lhdf5_fortran -L/home/modelos/MODELS/GNU//lib -lgrib_api_f90 -lgrib_api -laec -lz -L/home/modelos/MODELS/GNU//lib -lrttov13 >&5
/usr/bin/ld: error: /home/modelos/MODELS/GNU//lib64: read: Is a directory
collect2: error: ld returned 1 exit status
configure:4150: $? = 1
configure:4188: result: no
configure: failed program was:
|       program main
| 
|       end
configure:4193: error: in `/home/modelos/WORKDISK/icon_install/icon/build':
configure:4195: error: Fortran compiler cannot create executables
See `config.log' for more details

********************************************************************************
The users are recommended to run site-specific wrappers instead of this generic
configure script.

You can find the wrappers in '/home/modelos/WORKDISK/icon_install/icon/config/<organization>/'.

If you are running a wrapper and still see this message than either you are
using a wrong one or the wrapper is broken, or there is really a problem with
the configure script.
********************************************************************************


## ---------------- ##
## Cache variables. ##
## ---------------- ##

ac_cv_build=x86_64-pc-linux-gnu
ac_cv_env_ARFLAGS_set=
ac_cv_env_ARFLAGS_value=
ac_cv_env_AR_set=
ac_cv_env_AR_value=
ac_cv_env_BUILD_ENV_set=set
ac_cv_env_BUILD_ENV_value=
ac_cv_env_CC_set=set
ac_cv_env_CC_value=mpicc
ac_cv_env_CFLAGS_set=set
ac_cv_env_CFLAGS_value=-std=gnu99
ac_cv_env_CMAKE_set=
ac_cv_env_CMAKE_value=
ac_cv_env_CPPFLAGS_set=set
ac_cv_env_CPPFLAGS_value='-I/home/modelos/MODELS/GNU//include -I/home/modelos/MODELS/GNU//include -I/home/modelos/MODELS/GNU//include -I/home/modelos/MODELS/GNU//include -I/home/modelos/MODELS/GNU//include'
ac_cv_env_CUDACXX_set=
ac_cv_env_CUDACXX_value=
ac_cv_env_CUDAFLAGS_set=
ac_cv_env_CUDAFLAGS_value=
ac_cv_env_CXXFLAGS_set=
ac_cv_env_CXXFLAGS_value=
ac_cv_env_CXX_set=set
ac_cv_env_CXX_value=mpic++
ac_cv_env_FCFLAGS_set=set
ac_cv_env_FCFLAGS_value='-I/home/modelos/MODELS/GNU//include -I/home/modelos/MODELS/GNU//include -I/home/modelos/MODELS/GNU//include -cpp -std=gnu -fimplicit-none -fmax-identifier-length=63 -fmax-errors=25 -Wall -Wcharacter-truncation -Wconversion -Wunderflow -Wunused-parameter -Wno-surprising -fall-intrinsics -ffree-line-length-132'
ac_cv_env_FC_set=set
ac_cv_env_FC_value=mpif90
ac_cv_env_FPP_set=
ac_cv_env_FPP_value=
ac_cv_env_HIPCXX_set=
ac_cv_env_HIPCXX_value=
ac_cv_env_HIPFLAGS_set=
ac_cv_env_HIPFLAGS_value=
ac_cv_env_ICON_BUNDLED_CFLAGS_set=set
ac_cv_env_ICON_BUNDLED_CFLAGS_value=-O2
ac_cv_env_ICON_BUNDLED_CXXFLAGS_set=
ac_cv_env_ICON_BUNDLED_CXXFLAGS_value=
ac_cv_env_ICON_BUNDLED_FCFLAGS_set=
ac_cv_env_ICON_BUNDLED_FCFLAGS_value=
ac_cv_env_ICON_CDI_CFLAGS_set=
ac_cv_env_ICON_CDI_CFLAGS_value=
ac_cv_env_ICON_CDI_FCFLAGS_set=
ac_cv_env_ICON_CDI_FCFLAGS_value=
ac_cv_env_ICON_CFLAGS_set=set
ac_cv_env_ICON_CFLAGS_value=-O2
ac_cv_env_ICON_COMIN_CFLAGS_set=
ac_cv_env_ICON_COMIN_CFLAGS_value=
ac_cv_env_ICON_COMIN_CXXFLAGS_set=
ac_cv_env_ICON_COMIN_CXXFLAGS_value=
ac_cv_env_ICON_COMIN_FCFLAGS_set=
ac_cv_env_ICON_COMIN_FCFLAGS_value=
ac_cv_env_ICON_ECRAD_FCFLAGS_set=
ac_cv_env_ICON_ECRAD_FCFLAGS_value=
ac_cv_env_ICON_FCFLAGS_set=set
ac_cv_env_ICON_FCFLAGS_value='-fno-range-check -fopenmp -g -fbacktrace -fcheck=all -ffpe-trap=invalid,zero,overflow -fstack-protector-all -finit-real=nan -finit-integer=-2147483648 -finit-character=127 -O2'
ac_cv_env_ICON_FORTRAN_SUPPORT_CFLAGS_set=
ac_cv_env_ICON_FORTRAN_SUPPORT_CFLAGS_value=
ac_cv_env_ICON_FORTRAN_SUPPORT_FCFLAGS_set=
ac_cv_env_ICON_FORTRAN_SUPPORT_FCFLAGS_value=
ac_cv_env_ICON_HD_FCFLAGS_set=
ac_cv_env_ICON_HD_FCFLAGS_value=
ac_cv_env_ICON_LDFLAGS_set=
ac_cv_env_ICON_LDFLAGS_value=
ac_cv_env_ICON_MTIME_CFLAGS_set=
ac_cv_env_ICON_MTIME_CFLAGS_value=
ac_cv_env_ICON_MTIME_FCFLAGS_set=
ac_cv_env_ICON_MTIME_FCFLAGS_value=
ac_cv_env_ICON_PPM_CFLAGS_set=
ac_cv_env_ICON_PPM_CFLAGS_value=
ac_cv_env_ICON_PPM_FCFLAGS_set=
ac_cv_env_ICON_PPM_FCFLAGS_value=
ac_cv_env_ICON_RTE_RRTMGP_FCFLAGS_set=
ac_cv_env_ICON_RTE_RRTMGP_FCFLAGS_value=
ac_cv_env_ICON_SCT_CFLAGS_set=
ac_cv_env_ICON_SCT_CFLAGS_value=
ac_cv_env_ICON_SCT_FCFLAGS_set=
ac_cv_env_ICON_SCT_FCFLAGS_value=
ac_cv_env_ICON_TIXI_CFLAGS_set=
ac_cv_env_ICON_TIXI_CFLAGS_value=
ac_cv_env_ICON_TIXI_FCFLAGS_set=
ac_cv_env_ICON_TIXI_FCFLAGS_value=
ac_cv_env_ICON_YAC_CFLAGS_set=
ac_cv_env_ICON_YAC_CFLAGS_value=
ac_cv_env_ICON_YAC_FCFLAGS_set=
ac_cv_env_ICON_YAC_FCFLAGS_value=
ac_cv_env_ICON_YAXT_CFLAGS_set=
ac_cv_env_ICON_YAXT_CFLAGS_value=
ac_cv_env_ICON_YAXT_FCFLAGS_set=
ac_cv_env_ICON_YAXT_FCFLAGS_value=
ac_cv_env_LDFLAGS_set=set
ac_cv_env_LDFLAGS_value='-L/home/modelos/MODELS/GNU//lib64 -L/home/modelos/MODELS/GNU//lib -g -fbacktrace'
ac_cv_env_LIBS_set=set
ac_cv_env_LIBS_value='/home/modelos/MODELS/GNU//lib64 -lxml2 -llapack -lblas -L/home/modelos/MODELS/GNU//lib -lnetcdff -lnetcdf -L/home/modelos/MODELS/GNU//lib -lhdf5_hl -lhdf5 -lhdf5hl_fortran -lhdf5_fortran -L/home/modelos/MODELS/GNU//lib -lgrib_api_f90 -lgrib_api -laec -lz -L/home/modelos/MODELS/GNU//lib -lrttov13'
ac_cv_env_MPI_LAUNCH_set=set
ac_cv_env_MPI_LAUNCH_value=mpiexec
ac_cv_env_PERL_set=
ac_cv_env_PERL_value=
ac_cv_env_PYTHON_set=
ac_cv_env_PYTHON_value=
ac_cv_env_RANLIB_set=
ac_cv_env_RANLIB_value=
ac_cv_env_SB2PP_set=
ac_cv_env_SB2PP_value=
ac_cv_env_build_alias_set=
ac_cv_env_build_alias_value=
ac_cv_env_host_alias_set=
ac_cv_env_host_alias_value=
ac_cv_env_target_alias_set=
ac_cv_env_target_alias_value=
ac_cv_host=x86_64-pc-linux-gnu
acx_cv_host_fqdn=pacifico

## ----------------- ##
## Output variables. ##
## ----------------- ##

AR=''
ARFLAGS=''
ART_ENABLED=''
BUILD_ENV=''
BUILD_ENV_MAKE=''
BUNDLED_LIBFILES=''
CC='mpicc'
CFLAGS='-std=gnu99'
CMAKE=''
CPPFLAGS='-I/home/modelos/MODELS/GNU//include -I/home/modelos/MODELS/GNU//include -I/home/modelos/MODELS/GNU//include -I/home/modelos/MODELS/GNU//include -I/home/modelos/MODELS/GNU//include'
CUDACXX=''
CUDAFLAGS=''
CUDA_ENABLED=''
CXX='mpic++'
CXXFLAGS=''
DACE_ENABLED=''
DEFAULT_VERBOSITY=''
DEFS=''
DELAYED_CONFIG_ENABLED=''
DEPGEN_FCFLAGS=''
ECHO_C=''
ECHO_N='-n'
ECHO_T=''
EMVORADO_ENABLED=''
EXEEXT=''
FC='mpif90'
FCFLAGS='-I/home/modelos/MODELS/GNU//include -I/home/modelos/MODELS/GNU//include -I/home/modelos/MODELS/GNU//include -cpp -std=gnu -fimplicit-none -fmax-identifier-length=63 -fmax-errors=25 -Wall -Wcharacter-truncation -Wconversion -Wunderflow -Wunused-parameter -Wno-surprising -fall-intrinsics -ffree-line-length-132'
FCFLAGS_f90=''
FC_INC_FLAG=''
FC_INC_FLAG_PP_f90=''
FC_INC_ORDER=''
FC_INC_ORDER_PP_f90=''
FC_MOD_FILE_EXT=''
FC_MOD_FILE_UPPER=''
FC_MOD_IN=''
FC_MOD_OUT=''
FC_PP_DEF=''
FC_VENDOR=''
FC_VERSION=''
FPP=''
FPP_ENABLED=''
GPU_ENABLED=''
HD_ENABLED=''
HIPCXX=''
HIPFLAGS=''
HIP_ENABLED=''
ICON_BUNDLED_CFLAGS='-O2'
ICON_BUNDLED_CXXFLAGS=''
ICON_BUNDLED_FCFLAGS=''
ICON_CDI_CFLAGS=''
ICON_CDI_FCFLAGS=''
ICON_CFLAGS='-O2'
ICON_COMIN_CFLAGS=''
ICON_COMIN_CXXFLAGS=''
ICON_COMIN_FCFLAGS=''
ICON_DELAYED_CONFIG_RULES=''
ICON_ECRAD_FCFLAGS=''
ICON_FCFLAGS='-fno-range-check -fopenmp -g -fbacktrace -fcheck=all -ffpe-trap=invalid,zero,overflow -fstack-protector-all -finit-real=nan -finit-integer=-2147483648 -finit-character=127 -O2'
ICON_FCGROUP_ASSIGNMENTS=''
ICON_FCGROUP_FLAGS=''
ICON_FORTRAN_SUPPORT_CFLAGS=''
ICON_FORTRAN_SUPPORT_FCFLAGS=''
ICON_HD_FCFLAGS=''
ICON_LDFLAGS=''
ICON_MTIME_CFLAGS=''
ICON_MTIME_FCFLAGS=''
ICON_PPM_CFLAGS=''
ICON_PPM_FCFLAGS=''
ICON_RTE_RRTMGP_FCFLAGS=''
ICON_SCT_CFLAGS=''
ICON_SCT_FCFLAGS=''
ICON_TIXI_CFLAGS=''
ICON_TIXI_FCFLAGS=''
ICON_YAC_CFLAGS=''
ICON_YAC_FCFLAGS=''
ICON_YAXT_CFLAGS=''
ICON_YAXT_FCFLAGS=''
INSTALL_DATA=''
INSTALL_PROGRAM=''
INSTALL_SCRIPT=''
JSBACH_ENABLED=''
LDFLAGS='-L/home/modelos/MODELS/GNU//lib64 -L/home/modelos/MODELS/GNU//lib -g -fbacktrace'
LIBOBJS=''
LIBS='/home/modelos/MODELS/GNU//lib64 -lxml2 -llapack -lblas -L/home/modelos/MODELS/GNU//lib -lnetcdff -lnetcdf -L/home/modelos/MODELS/GNU//lib -lhdf5_hl -lhdf5 -lhdf5hl_fortran -lhdf5_fortran -L/home/modelos/MODELS/GNU//lib -lgrib_api_f90 -lgrib_api -laec -lz -L/home/modelos/MODELS/GNU//lib -lrttov13'
LN_S=''
LTLIBOBJS=''
MKDIR_P=''
MPI_ENABLED=''
MPI_LAUNCH='mpiexec'
OBJEXT=''
OPENMP_ENABLED=''
PACKAGE_BUGREPORT=''
PACKAGE_NAME='icon'
PACKAGE_STRING='icon 2024.01-1'
PACKAGE_TARNAME='icon-2024.01-1'
PACKAGE_URL=''
PACKAGE_VERSION='2024.01-1'
PATH_SEPARATOR=':'
PERL=''
PGI_INLIB_ENABLED=''
PYTHON=''
RANLIB=''
SB2PP=''
SB2_ENABLED=''
SHELL='/bin/sh'
ac_ct_CC=''
ac_ct_FC=''
bindir='${exec_prefix}/bin'
build='x86_64-pc-linux-gnu'
build_alias=''
build_cpu='x86_64'
build_os='linux-gnu'
build_vendor='pc'
datadir='${datarootdir}'
datarootdir='${prefix}/share'
docdir='${datarootdir}/doc/${PACKAGE_TARNAME}'
dvidir='${docdir}'
exec_prefix='NONE'
host='x86_64-pc-linux-gnu'
host_alias=''
host_cpu='x86_64'
host_fqdn='pacifico'
host_os='linux-gnu'
host_vendor='pc'
htmldir='${docdir}'
icon_bundled_cmake_subdirs=''
icon_bundled_config_subdirs=''
includedir='${prefix}/include'
infodir='${datarootdir}/info'
libdir='${exec_prefix}/lib'
libexecdir='${exec_prefix}/libexec'
localedir='${datarootdir}/locale'
localstatedir='${prefix}/var'
mandir='${datarootdir}/man'
oldincludedir='/usr/include'
pdfdir='${docdir}'
prefix='NONE'
program_transform_name='s,x,x,'
psdir='${docdir}'
sbindir='${exec_prefix}/sbin'
sharedstatedir='${prefix}/com'
sysconfdir='${prefix}/etc'
target_alias=''

## ----------- ##
## confdefs.h. ##
## ----------- ##

/* confdefs.h */
#define PACKAGE_NAME "icon"
#define PACKAGE_TARNAME "icon-2024.01-1"
#define PACKAGE_VERSION "2024.01-1"
#define PACKAGE_STRING "icon 2024.01-1"
#define PACKAGE_BUGREPORT ""
#define PACKAGE_URL ""

configure: exit 77
